// Jest Snapshot v1, https://goo.gl/fbAQLP

exports[`test NotificationsModal component should render correctly 1`] = `null`;
